---
source: src/parser/expression.rs
expression: "parse_expr(\"1 * 2 + 3 * 4\".into()).unwrap().1"
---
{
  "type": "BinaryExpression",
  "operator": "+",
  "left": {
    "type": "BinaryExpression",
    "operator": "*",
    "left": {
      "type": "Literal",
      "value": 1.0,
      "start": 0,
      "end": 1
    },
    "right": {
      "type": "Literal",
      "value": 2.0,
      "start": 4,
      "end": 5
    },
    "start": 0,
    "end": 5
  },
  "right": {
    "type": "BinaryExpression",
    "operator": "*",
    "left": {
      "type": "Literal",
      "value": 3.0,
      "start": 8,
      "end": 9
    },
    "right": {
      "type": "Literal",
      "value": 4.0,
      "start": 12,
      "end": 13
    },
    "start": 8,
    "end": 13
  },
  "start": 0,
  "end": 13
}
