---
source: src/parser/expression.rs
expression: "parse_expr(r#\"\"a\" + \"b\"\"#.into()).unwrap().1"
---
{
  "type": "BinaryExpression",
  "operator": "+",
  "left": {
    "type": "Literal",
    "value": "a",
    "start": 0,
    "end": 3
  },
  "right": {
    "type": "Literal",
    "value": "b",
    "start": 6,
    "end": 9
  },
  "start": 0,
  "end": 9
}
