---
source: src/parser/statement.rs
expression: "parse_stmt(\"break;\".into()).unwrap().1"
---
{
  "type": "BreakStatement",
  "label": null,
  "start": 0,
  "end": 6
}
