---
source: src/parser/expression.rs
expression: "parse_expr(\"x &= 1\".into()).unwrap().1"
---
{
  "type": "AssignmentExpression",
  "operator": "&=",
  "left": {
    "type": "Identifier",
    "name": "x",
    "start": 0,
    "end": 1
  },
  "right": {
    "type": "Literal",
    "value": 1.0,
    "start": 5,
    "end": 6
  },
  "start": 0,
  "end": 6
}
