---
source: src/parser/regex.rs
expression: "parse_literal(r#\"/abc\\\\/g\"#.into()).unwrap().1"
---
{
  "type": "Literal",
  "value": "/abc\\\\/g",
  "start": 0,
  "end": 8
}
