---
source: src/parser/statement.rs
expression: "parse_stmt(\"for (x[y] in arr) { }\".into()).unwrap().1"
---
{
  "type": "ForInStatement",
  "left": {
    "type": "MemberExpression",
    "object": {
      "type": "Identifier",
      "name": "x",
      "start": 5,
      "end": 6
    },
    "property": {
      "type": "Identifier",
      "name": "y",
      "start": 7,
      "end": 8
    },
    "computed": true,
    "start": 5,
    "end": 9
  },
  "right": {
    "type": "Identifier",
    "name": "arr",
    "start": 13,
    "end": 16
  },
  "body": {
    "type": "BlockStatement",
    "body": [],
    "start": 18,
    "end": 21
  },
  "start": 0,
  "end": 21
}
